Archive member included to satisfy reference by file (symbol)

../../src/.libs/libwolfssl.a(src_libwolfssl_la-sha256.o)
                              build/main.o (wc_InitSha256_ex)
../../src/.libs/libwolfssl.a(src_libwolfssl_la-aes.o)
                              build/main.o (wc_AesGcmSetKey)
../../src/.libs/libwolfssl.a(src_libwolfssl_la-cmac.o)
                              build/main.o (wc_InitCmac_ex)
../../src/.libs/libwolfssl.a(src_libwolfssl_la-wc_port.o)
                              build/main.o (wolfCrypt_Init)
../../src/.libs/libwolfssl.a(src_libwolfssl_la-memory.o)
                              ../../src/.libs/libwolfssl.a(src_libwolfssl_la-aes.o) (wolfSSL_Malloc)
../../src/.libs/libwolfssl.a(src_libwolfssl_la-cryptocb.o)
                              ../../src/.libs/libwolfssl.a(src_libwolfssl_la-wc_port.o) (wc_CryptoCb_Init)
../../src/.libs/libwolfssl.a(src_libwolfssl_la-els_pkc_keyblob.o)
                              build/main.o (wc_ElsPkc_BuildWrappedBlob)
../../src/.libs/libwolfssl.a(src_libwolfssl_la-els_pkc_port.o)
                              build/main.o (wc_ElsPkc_MakeKeyRef)
../../src/.libs/libwolfssl.a(src_libwolfssl_la-random.o)
                              ../../src/.libs/libwolfssl.a(src_libwolfssl_la-wc_port.o) (wc_DrbgState_MutexInit)
../../src/.libs/libwolfssl.a(src_libwolfssl_la-sp_int.o)
                              ../../src/.libs/libwolfssl.a(src_libwolfssl_la-els_pkc_port.o) (sp_init)
../../src/.libs/libwolfssl.a(src_libwolfssl_la-sha512.o)
                              ../../src/.libs/libwolfssl.a(src_libwolfssl_la-random.o) (wc_Sha512Final)
../../src/.libs/libwolfssl.a(src_libwolfssl_la-wolfmath.o)
                              ../../src/.libs/libwolfssl.a(src_libwolfssl_la-cryptocb.o) (wc_export_int)
../../src/.libs/libwolfssl.a(src_libwolfssl_la-asn.o)
                              ../../src/.libs/libwolfssl.a(src_libwolfssl_la-els_pkc_port.o) (StoreECC_DSA_Sig_Bin)
../../src/.libs/libwolfssl.a(src_libwolfssl_la-coding.o)
                              ../../src/.libs/libwolfssl.a(src_libwolfssl_la-asn.o) (Base64_Decode_nonCT)
../../src/.libs/libwolfssl.a(src_libwolfssl_la-ecc.o)
                              ../../src/.libs/libwolfssl.a(src_libwolfssl_la-els_pkc_port.o) (wc_ecc_set_curve)
../../src/.libs/libwolfssl.a(src_libwolfssl_la-hash.o)
                              ../../src/.libs/libwolfssl.a(src_libwolfssl_la-asn.o) (wc_HashTypeConvert)
../../src/.libs/libwolfssl.a(src_libwolfssl_la-rsa.o)
                              ../../src/.libs/libwolfssl.a(src_libwolfssl_la-asn.o) (wc_InitRsaKey_ex)
../../src/.libs/libwolfssl.a(src_libwolfssl_la-sha.o)
                              ../../src/.libs/libwolfssl.a(src_libwolfssl_la-hash.o) (wc_InitSha_ex)
../../src/.libs/libwolfssl.a(src_libwolfssl_la-sha3.o)
                              ../../src/.libs/libwolfssl.a(src_libwolfssl_la-hash.o) (wc_InitSha3_224)
../../src/.libs/libwolfssl.a(src_libwolfssl_la-wc_encrypt.o)
                              ../../src/.libs/libwolfssl.a(src_libwolfssl_la-asn.o) (wc_CryptKey)
../../src/.libs/libwolfssl.a(src_libwolfssl_la-pwdbased.o)
                              ../../src/.libs/libwolfssl.a(src_libwolfssl_la-wc_encrypt.o) (wc_PBKDF1)
../../src/.libs/libwolfssl.a(src_libwolfssl_la-hmac.o)
                              ../../src/.libs/libwolfssl.a(src_libwolfssl_la-pwdbased.o) (wc_HmacUpdate)
/home/tobi/.local/zephyr-sdk-1.0.1/gnu/arm-zephyr-eabi/bin/../lib/gcc/arm-zephyr-eabi/14.3.0/../../../../arm-zephyr-eabi/lib/thumb/v8-m.main/nofp/space/libc.a(memcpy.c.o)
                              build/main.o (memcpy)
/home/tobi/.local/zephyr-sdk-1.0.1/gnu/arm-zephyr-eabi/bin/../lib/gcc/arm-zephyr-eabi/14.3.0/../../../../arm-zephyr-eabi/lib/thumb/v8-m.main/nofp/space/libc.a(memmove.c.o)
                              ../../src/.libs/libwolfssl.a(src_libwolfssl_la-aes.o) (memmove)
/home/tobi/.local/zephyr-sdk-1.0.1/gnu/arm-zephyr-eabi/bin/../lib/gcc/arm-zephyr-eabi/14.3.0/../../../../arm-zephyr-eabi/lib/thumb/v8-m.main/nofp/space/libc.a(memset.c.o)
                              build/main.o (memset)
/home/tobi/.local/zephyr-sdk-1.0.1/gnu/arm-zephyr-eabi/bin/../lib/gcc/arm-zephyr-eabi/14.3.0/../../../../arm-zephyr-eabi/lib/thumb/v8-m.main/nofp/space/libc.a(strlen.S.o)
                              ../../src/.libs/libwolfssl.a(src_libwolfssl_la-aes.o) (strlen)
/home/tobi/.local/zephyr-sdk-1.0.1/gnu/arm-zephyr-eabi/bin/../lib/gcc/arm-zephyr-eabi/14.3.0/../../../../arm-zephyr-eabi/lib/thumb/v8-m.main/nofp/space/libc.a(nano-free.c.o)
                              ../../src/.libs/libwolfssl.a(src_libwolfssl_la-memory.o) (free)
/home/tobi/.local/zephyr-sdk-1.0.1/gnu/arm-zephyr-eabi/bin/../lib/gcc/arm-zephyr-eabi/14.3.0/../../../../arm-zephyr-eabi/lib/thumb/v8-m.main/nofp/space/libc.a(nano-malloc.c.o)
                              ../../src/.libs/libwolfssl.a(src_libwolfssl_la-memory.o) (malloc)
[...]
Memory Configuration

Name             Origin             Length             Attributes
FLASH            0x00000000         0x00040000         xr
RAM              0x20000000         0x00080000         xrw
*default*        0x00000000         0xffffffff

Linker script and memory map

LOAD build/main.o
LOAD build/ivt.o
LOAD build/syscalls.o
LOAD build/els_stubs.o
LOAD build/els_stub_descriptors.o
START GROUP
LOAD ../../src/.libs/libwolfssl.a
LOAD /home/tobi/.local/zephyr-sdk-1.0.1/gnu/arm-zephyr-eabi/bin/../lib/gcc/arm-zephyr-eabi/14.3.0/../../../../arm-zephyr-eabi/lib/thumb/v8-m.main/nofp/space/libc.a
LOAD /home/tobi/.local/zephyr-sdk-1.0.1/gnu/arm-zephyr-eabi/bin/../lib/gcc/arm-zephyr-eabi/14.3.0/../../../../arm-zephyr-eabi/lib/thumb/v8-m.main/nofp/space/libm.a
LOAD /home/tobi/.local/zephyr-sdk-1.0.1/gnu/arm-zephyr-eabi/bin/../lib/gcc/arm-zephyr-eabi/14.3.0/thumb/v8-m.main/nofp/space/libgcc.a
LOAD /home/tobi/.local/zephyr-sdk-1.0.1/gnu/arm-zephyr-eabi/bin/../lib/gcc/arm-zephyr-eabi/14.3.0/../../../../arm-zephyr-eabi/lib/thumb/v8-m.main/nofp/space/libnosys.a
END GROUP
                0x20080000                        _estack = (ORIGIN (RAM) + LENGTH (RAM))
                0x000289e8                        _sidata = LOADADDR (.data)

.isr_vector     0x00000000      0x140
 *(.isr_vector)
 .isr_vector    0x00000000      0x140 build/ivt.o
                0x00000000                vector_table

.text           0x00000140    0x288a8
 *(.text*)
 .text.sha256_once
                0x00000140       0x3c build/main.o
 .text.check_software_path
                0x0000017c      0x118 build/main.o
 .text.startup.main
                0x00000294      0x358 build/main.o
                0x00000294                main
 .text.Reset_Handler
                0x000005ec       0x44 build/main.o
                0x000005ec                Reset_Handler
 .text.default_handler
                0x00000630        0x4 build/ivt.o
                0x00000630                DebugMon_Handler
                0x00000630                HardFault_Handler
                0x00000630                SysTick_Handler
                0x00000630                PendSV_Handler
                0x00000630                NMI_Handler
                0x00000630                UsageFault_Handler
                0x00000630                MemManage_Handler
                0x00000630                SVC_Handler
                0x00000630                BusFault_Handler
 .text.time     0x00000634       0x10 build/syscalls.o
                0x00000634                time
 .text._init    0x00000644        0x2 build/syscalls.o
                0x00000644                _init
 .text._fini    0x00000646        0x2 build/syscalls.o
                0x00000646                _fini
 .text.mcuxClEls_Hash_Async
                0x00000648       0x10 build/els_stubs.o
                0x00000648                mcuxClEls_Hash_Async
 .text.mcuxClEls_Cipher_Async
                0x00000658       0x10 build/els_stubs.o
                0x00000658                mcuxClEls_Cipher_Async
 .text.mcuxClEls_Cmac_Async
                0x00000668       0x10 build/els_stubs.o
                0x00000668                mcuxClEls_Cmac_Async
 .text.mcuxClEls_Aead_Init_Async
                0x00000678       0x10 build/els_stubs.o
                0x00000678                mcuxClEls_Aead_Init_Async
 .text.mcuxClEls_Aead_UpdateAad_Async
                0x00000688       0x10 build/els_stubs.o
                0x00000688                mcuxClEls_Aead_UpdateAad_Async
 .text.mcuxClEls_Aead_UpdateData_Async
                0x00000698       0x10 build/els_stubs.o
                0x00000698                mcuxClEls_Aead_UpdateData_Async
 .text.mcuxClEls_Aead_Finalize_Async
                0x000006a8       0x10 build/els_stubs.o
                0x000006a8                mcuxClEls_Aead_Finalize_Async
 .text.mcuxClEls_Rng_DrbgRequest_Async
                0x000006b8       0x10 build/els_stubs.o
                0x000006b8                mcuxClEls_Rng_DrbgRequest_Async
 .text.mcuxClEls_WaitForOperation
                0x000006c8       0x10 build/els_stubs.o
                0x000006c8                mcuxClEls_WaitForOperation
 .text.mcuxClEls_GetKeyProperties
                0x000006d8       0x10 build/els_stubs.o
                0x000006d8                mcuxClEls_GetKeyProperties
 .text.mcuxClEls_KeyDelete_Async
                0x000006e8       0x10 build/els_stubs.o
                0x000006e8                mcuxClEls_KeyDelete_Async
 .text.mcuxClEls_KeyImport_Async
                0x000006f8       0x10 build/els_stubs.o
                0x000006f8                mcuxClEls_KeyImport_Async
 .text.mcuxClEls_KeyExport_Async
                0x00000708       0x10 build/els_stubs.o
                0x00000708                mcuxClEls_KeyExport_Async
 .text.mcuxClEls_Ckdf_Sp800108_Async
                0x00000718       0x10 build/els_stubs.o
                0x00000718                mcuxClEls_Ckdf_Sp800108_Async
 .text.mcuxClEls_EccKeyGen_Async
                0x00000728       0x10 build/els_stubs.o
                0x00000728                mcuxClEls_EccKeyGen_Async
 .text.mcuxClEls_EccSign_Async
                0x00000738       0x10 build/els_stubs.o
                0x00000738                mcuxClEls_EccSign_Async
 .text.mcuxClEls_EccVerify_Async
                0x00000748       0x10 build/els_stubs.o
                0x00000748                mcuxClEls_EccVerify_Async
 .text.mcuxClEcc_Sign
                0x00000758       0x10 build/els_stubs.o
                0x00000758                mcuxClEcc_Sign
 .text.mcuxClEcc_Verify
                0x00000768       0x10 build/els_stubs.o
                0x00000768                mcuxClEcc_Verify
 .text.mcuxClEcc_PointMult
                0x00000778       0x10 build/els_stubs.o
                0x00000778                mcuxClEcc_PointMult
 .text.mcuxClRsa_sign
                0x00000788       0x10 build/els_stubs.o
                0x00000788                mcuxClRsa_sign
 .text.mcuxClRsa_verify
                0x00000798       0x10 build/els_stubs.o
                0x00000798                mcuxClRsa_verify
 .text.mcuxClSession_init
                0x000007a8       0x10 build/els_stubs.o
                0x000007a8                mcuxClSession_init
 .text.mcuxClRandom_init
                0x000007b8       0x10 build/els_stubs.o
                0x000007b8                mcuxClRandom_init
 .text.mcuxClRandom_ncInit
                0x000007c8       0x10 build/els_stubs.o
                0x000007c8                mcuxClRandom_ncInit
 .text.ELS_PowerDownWakeupInit
                0x000007d8        0x4 build/els_stubs.o
                0x000007d8                ELS_PowerDownWakeupInit
 .text          0x000007dc      0x734 ../../src/.libs/libwolfssl.a(src_libwolfssl_la-sha256.o)
                0x00000bdc                wc_InitSha256_ex
                0x00000bfa                wc_Sha256Update
                0x00000ce4                wc_Sha256FinalRaw
                0x00000d1a                wc_Sha256Final
                0x00000df4                wc_InitSha256
                0x00000e0a                wc_Sha256Free
                0x00000e74                wc_Sha256Copy
                0x00000ebe                wc_Sha256GetHash
                0x00000efc                wc_Sha256SetFlags
                0x00000f04                wc_Sha256GetFlags
 .text          0x00000f10     0x3884 ../../src/.libs/libwolfssl.a(src_libwolfssl_la-aes.o)
                0x0000309e                wc_AesSetIV
                0x00003540                wc_AesSetKeyDirect
                0x0000357a                wc_AesSetKey
                0x000035b4                wc_AesEncryptDirect
                0x000035e8                wc_AesDecryptDirect
                0x00003618                wc_AesCbcEncrypt
                0x000036a4                wc_AesCbcDecrypt
                0x00003748                wc_local_AesGcmCheckTagSz
                0x00003756                GenerateM0
                0x000038f8                wc_AesGcmSetKey
                0x00003984                GHASH
                0x00003aa6                wc_AesGcmEncrypt
                0x00003c50                wc_AesGcmDecrypt
                0x00003e38                wc_AesGcmSetExtIV
                0x00003e78                wc_AesGcmSetIV
                0x00003ee4                wc_AesGcmEncrypt_ex
                0x00003f9c                wc_GmacSetKey
                0x00003faa                wc_GmacUpdate
                0x00003fd6                wc_AesInit
                0x00004000                wc_AesNew
                0x00004038                wc_AesInit_Id
                0x00004078                wc_AesNew_Id
                0x000040d0                wc_AesInit_Label
                0x00004126                wc_AesNew_Label
                0x0000416c                wc_AesFree
                0x000041b8                wc_Gmac
                0x00004276                wc_GmacVerify
                0x00004312                wc_AesDelete
                0x00004336                wc_AesGetKeySize
                0x00004364                wc_AesKeyWrap_ex
                0x000044a4                wc_AesKeyWrap
                0x00004518                wc_AesKeyUnWrap_ex
                0x0000468c                wc_AesKeyUnWrap
                0x00004702                wc_local_CmacUpdateAes
 .text          0x00004794      0x69a ../../src/.libs/libwolfssl.a(src_libwolfssl_la-cmac.o)
                0x0000487a                ShiftAndXorRb
                0x00004a3e                wc_InitCmac_ex
                0x00004a60                wc_InitCmac
                0x00004a78                wc_InitCmac_Id
                0x00004aa0                wc_InitCmac_Label
                0x00004ac6                wc_CmacUpdate
                0x00004b24                wc_CmacFree
                0x00004b64                wc_CmacFinalNoFree
                0x00004c32                wc_CmacFinal
                0x00004c4e                wc_AesCmacGenerate_ex
                0x00004d06                wc_AesCmacGenerate
                0x00004d50                wc_AesCmacVerify_ex
                0x00004dde                wc_AesCmacVerify
 *fill*         0x00004e2e        0x2 
 .text          0x00004e30      0x2d8 ../../src/.libs/libwolfssl.a(src_libwolfssl_la-wc_port.o)
                0x00004e30                wc_local_InitUp
                0x00004e88                wc_local_InitUpDone
                0x00004ea4                wc_local_InitDown
                0x00004f04                wc_local_InitDownDone
                0x00004f1a                wolfCrypt_Init
                0x00004f54                wolfCrypt_Cleanup
                0x00004f7c                wc_InitAndAllocMutex
                0x00004f82                wc_strtok
                0x00004fdc                wc_strsep
                0x0000500a                wc_strlcpy
                0x00005042                wc_strlcat
                0x00005068                wc_strdup_ex
                0x0000508e                wc_local_InitMutexOnce
                0x0000509c                wc_InitMutex
                0x000050a0                wc_FreeMutex
                0x000050a4                wc_LockMutex
                0x000050a8                wc_UnLockMutex
                0x000050ac                wc_InitRwLock
                0x000050b0                wc_FreeRwLock
                0x000050b4                wc_LockRwLock_Wr
                0x000050b8                wc_LockRwLock_Rd
                0x000050bc                wc_UnLockRwLock
                0x000050c0                wolfSSL_strnstr
 .text          0x00005108       0xc0 ../../src/.libs/libwolfssl.a(src_libwolfssl_la-memory.o)
                0x00005108                wolfSSL_SetAllocators
                0x00005118                wolfSSL_GetAllocators
                0x00005138                wolfSSL_Malloc
                0x00005148                wolfSSL_Free
                0x00005158                wolfSSL_Realloc
                0x00005168                wc_ForceZero
                0x000051ae                wc_ConstantCompare
 .text          0x000051c8     0x14e4 ../../src/.libs/libwolfssl.a(src_libwolfssl_la-cryptocb.o)
                0x00005210                wc_CryptoCb_IsDeviceRegistered
                0x00005226                wc_CryptoCb_Init
                0x00005244                wc_CryptoCb_GetDevIdAtIndex
                0x00005256                wc_CryptoCb_RegisterDevice
                0x00005294                wc_CryptoCb_UnRegisterDevice
                0x000052ae                wc_CryptoCb_Cleanup
                0x000052cc                wc_CryptoCb_Rsa
                0x00005336                wc_CryptoCb_RsaCheckPrivKey
                0x0000538c                wc_CryptoCb_RsaGetSize
                0x000053de                wc_CryptoCb_MakeEccKey
                0x00005438                wc_CryptoCb_Ecdh
                0x00005490                wc_CryptoCb_EccSign
                0x000054f2                wc_CryptoCb_EccVerify
                0x00005554                wc_CryptoCb_EccCheckPrivKey
                0x000055a6                wc_CryptoCb_EccGetSize
                0x000055f4                wc_CryptoCb_EccGetSigSize
                0x00005642                wc_CryptoCb_EccMakePub
                0x00005700                wc_CryptoCb_EccCheckPubKey
                0x000057c4                wc_CryptoCb_PqcKemGetDevId
                0x000057d4                wc_CryptoCb_MakePqcKemKey
                0x00005836                wc_CryptoCb_PqcEncapsulate
                0x000058a6                wc_CryptoCb_PqcDecapsulate
                0x00005910                wc_CryptoCb_AesGcmEncrypt
                0x00005988                wc_CryptoCb_AesGcmDecrypt
                0x00005a00                wc_CryptoCb_AesCbcEncrypt
                0x00005a5c                wc_CryptoCb_AesCbcDecrypt
                0x00005ab8                wc_CryptoCb_AesEcbEncrypt
                0x00005b16                wc_CryptoCb_AesEcbDecrypt
                0x00005b74                wc_CryptoCb_AesKeyWrap
                0x00005bee                wc_CryptoCb_AesKeyUnWrap
                0x00005c68                wc_CryptoCb_ShaHash
                0x00005cc0                wc_CryptoCb_Sha256Hash
                0x00005d18                wc_CryptoCb_Sha384Hash
                0x00005e48                wc_CryptoCb_Sha512Hash
                0x00006040                wc_CryptoCb_Sha3Hash
                0x0000609a                wc_CryptoCb_Shake
                0x000060f8                wc_CryptoCb_Hmac
                0x00006152                wc_CryptoCb_RandomBlock
                0x0000619e                wc_CryptoCb_RandomSeed
                0x000061e2                wc_CryptoCb_GetCert
                0x00006238                wc_CryptoCb_Cmac
                0x000062a2                wc_CryptoCb_DefaultDevID
                0x000062a8                wc_CryptoCb_Hkdf
                0x0000630c                wc_CryptoCb_Hkdf_Extract
                0x00006364                wc_CryptoCb_Hkdf_Expand
                0x000063c0                wc_CryptoCb_Copy
                0x00006406                wc_CryptoCb_Free
                0x0000644c                wc_CryptoCb_KeyStoreImportWrapped
                0x000064cc                wc_CryptoCb_KeyStoreExportWrapped
                0x00006554                wc_CryptoCb_KeyStoreDerive
                0x000065dc                wc_CryptoCb_KeyStoreDelete
                0x0000662c                wc_CryptoCb_KeyStoreGetInfo
 .text          0x000066ac      0x184 ../../src/.libs/libwolfssl.a(src_libwolfssl_la-els_pkc_keyblob.o)
                0x000066f4                wc_ElsPkc_BuildWrappedBlob
                0x0000677a                wc_ElsPkc_ParseWrappedBlob
 .text          0x00006830     0x1d90 ../../src/.libs/libwolfssl.a(src_libwolfssl_la-els_pkc_port.o)
                0x00007528                wc_ElsPkc_MakeKeyRef
                0x00007598                wc_ElsPkc_ParseKeyRef
                0x00007642                wc_ElsPkc_CryptoCb
                0x0000839c                wc_ElsPkc_AesUseSlot
                0x000083ee                wc_ElsPkc_EccUseSlot
                0x00008452                wc_ElsPkc_ReserveSlot
                0x000084ec                wc_ElsPkc_Init
                0x00008548                wc_ElsPkc_Cleanup
 .text          0x000085c0     0x1450 ../../src/.libs/libwolfssl.a(src_libwolfssl_la-random.o)
                0x0000913c                wc_DrbgState_MutexInit
                0x00009140                wc_DrbgState_MutexFree
                0x00009144                wc_RNG_DRBG_Reseed
                0x00009176                wc_RNG_TestSeed
                0x00009274                wc_Sha256Drbg_Disable
                0x0000928c                wc_Sha256Drbg_Enable
                0x00009298                wc_Sha256Drbg_IsDisabled
                0x000092a4                wc_Sha512Drbg_Disable
                0x000092bc                wc_Sha512Drbg_Enable
                0x000092c8                wc_Sha512Drbg_IsDisabled
                0x000092d4                wc_FreeRng
                0x00009324                wc_rng_free
                0x00009342                wc_RNG_HealthTest_ex
                0x00009374                wc_RNG_HealthTest
                0x000093a0                wc_RNG_HealthTest_SHA512_ex
                0x00009454                wc_RNG_HealthTest_SHA512
                0x00009480                wc_RNG_HealthTest_SHA256_ex
                0x00009586                wc_RNG_HealthTest_SHA512_ex2
                0x00009692                wc_GenerateSeed
                0x00009830                wc_rng_new_ex
                0x0000987a                wc_rng_new
                0x0000989e                wc_InitRng
                0x000098b6                wc_InitRng_ex
                0x000098ca                wc_InitRngNonce
                0x000098de                wc_InitRngNonce_ex
                0x00009958                wc_RNG_GenerateBlock
                0x00009a08                wc_RNG_GenerateByte
 .text          0x00009a10     0x595c ../../src/.libs/libwolfssl.a(src_libwolfssl_la-sp_int.o)
                0x0000a108                sp_init_size
                0x0000a124                sp_init
                0x0000a13a                sp_init_multi
                0x0000a18c                sp_free
                0x0000a18e                sp_grow
                0x0000a1bc                sp_zero
                0x0000a1c6                sp_clear
                0x0000a1e4                sp_forcezero
                0x0000a238                sp_copy
                0x0000a25c                sp_init_copy
                0x0000a278                sp_exch
                0x0000a312                sp_cond_swap_ct_ex
                0x0000a392                sp_cond_swap_ct
                0x0000a3c4                sp_cmp_mag
                0x0000a3de                sp_cmp
                0x0000a3e0                sp_is_bit_set
                0x0000a402                sp_count_bits
                0x0000a42e                sp_leading_bit
                0x0000a448                sp_set_bit
                0x0000a4a2                sp_2expt
                0x0000a4b6                sp_set
                0x0000a4cc                sp_set_int
                0x0000a4e2                sp_cmp_d
                0x0000a50c                sp_add_d
                0x0000a52a                sp_sub_d
                0x0000a546                sp_mul_d
                0x0000a560                sp_div_d
                0x0000a6f8                sp_mod_d
                0x0000a804                sp_div_2
                0x0000a820                sp_div_2_mod_ct
                0x0000a8ba                sp_add
                0x0000a8de                sp_sub
                0x0000a904                sp_addmod_ct
                0x0000a9f4                sp_submod_ct
                0x0000aa16                sp_lshd
                0x0000aa6c                sp_rshd
                0x0000aa9e                sp_rshb
                0x0000b1f2                sp_div
                0x0000b270                sp_mod
                0x0000b28e                sp_addmod
                0x0000b2fc                sp_submod
                0x0000b3d8                sp_mul
                0x0000c882                sp_mulmod
                0x0000c8a8                sp_invmod
                0x0000cc94                sp_div_2d
                0x0000cd2c                sp_mod_2d
                0x0000cdba                sp_mul_2d
                0x0000cdfa                sp_sqr
                0x0000dbe0                sp_invmod_mont_ct
                0x0000de4c                sp_sqrmod
                0x0000e04c                sp_mont_red_ex
                0x0000e06e                sp_mont_setup
                0x0000e08c                sp_mont_norm
                0x0000e100                sp_exptmod_ex
                0x0000e55c                sp_exptmod
                0x0000e694                sp_exptmod_nct
                0x0000ead4                sp_unsigned_bin_size
                0x0000eae2                sp_read_unsigned_bin
                0x0000eb66                sp_to_unsigned_bin_len
                0x0000ebdc                sp_to_unsigned_bin
                0x0000ebf2                sp_to_unsigned_bin_len_ct
                0x0000ec52                sp_to_unsigned_bin_at_pos
                0x0000ec78                sp_read_radix
                0x0000edbc                sp_tohex
                0x0000ee78                sp_todecimal
                0x0000ef12                sp_toradix
                0x0000ef28                sp_radix_size
                0x0000efc6                sp_prime_is_prime
                0x0000f124                sp_prime_is_prime_ex
                0x0000f364                CheckRunTimeSettings
                0x0000f368                CheckRunTimeFastMath
 *fill*         0x0000f36c        0x4 
 .text          0x0000f370     0x27cc ../../src/.libs/libwolfssl.a(src_libwolfssl_la-sha512.o)
                0x000115e2                wc_Sha512Final
                0x000115ec                wc_Sha512_224Final
                0x000115f8                wc_Sha512_256Final
                0x00011604                wc_InitSha512_ex
                0x00011610                wc_InitSha512_224_ex
                0x0001161c                wc_InitSha512_256_ex
                0x00011628                wc_Sha512Update
                0x00011670                wc_Sha512FinalRaw
                0x0001168c                wc_InitSha512
                0x000116a2                wc_Sha512Free
                0x000116d6                wc_Sha384Update
                0x00011718                wc_Sha384FinalRaw
                0x00011734                wc_Sha384Final
                0x00011830                wc_InitSha384_ex
                0x00011900                wc_InitSha384
                0x00011916                wc_Sha384Free
                0x0001194a                wc_Sha512Copy
                0x000119d8                wc_Sha512GetHash
                0x000119e0                wc_Sha512SetFlags
                0x000119ea                wc_Sha512GetFlags
                0x000119f8                wc_InitSha512_224
                0x00011a02                wc_Sha512_224Update
                0x00011a06                wc_Sha512_224FinalRaw
                0x00011a2c                wc_Sha512_224Free
                0x00011a30                wc_Sha512_224GetHash
                0x00011a38                wc_Sha512_224Copy
                0x00011a3c                wc_Sha512_224SetFlags
                0x00011a46                wc_Sha512_224GetFlags
                0x00011a50                wc_InitSha512_256
                0x00011a5a                wc_Sha512_256Update
                0x00011a5e                wc_Sha512_256FinalRaw
                0x00011a7a                wc_Sha512_256Free
                0x00011a7e                wc_Sha512_256GetHash
                0x00011a88                wc_Sha512_256Copy
                0x00011a8c                wc_Sha512_256SetFlags
                0x00011a96                wc_Sha512_256GetFlags
                0x00011aa0                wc_Sha384Copy
                0x00011af0                wc_Sha384GetHash
                0x00011b2e                wc_Sha384SetFlags
                0x00011b38                wc_Sha384GetFlags
 .text          0x00011b3c      0x1c4 ../../src/.libs/libwolfssl.a(src_libwolfssl_la-wolfmath.o)
                0x00011b3c                mp_reverse
                0x00011b60                mp_get_digit_count
                0x00011b66                mp_get_digit
                0x00011b7e                mp_cond_copy
                0x00011c22                mp_get_rand_digit
                0x00011c28                mp_rand
                0x00011c7c                wc_export_int
                0x00011cf8                wc_GetMathInfo
 .text          0x00011d00     0x7074 ../../src/.libs/libwolfssl.a(src_libwolfssl_la-asn.o)
                0x000123f4                SetASNLength
                0x00012424                wc_AsnSetSkipDateCheck
                0x0001242a                wc_AsnGetSkipDateCheck
                0x0001242e                SizeASN_Items
                0x0001262e                SetASN_Items
                0x000127b4                GetASN_BitString
                0x000127e0                GetLength_ex
                0x00012862                GetLength
                0x000128ba                GetASNTag
                0x00012956                GetASNHeader
                0x00012968                GetSequence
                0x0001297c                GetSequence_ex
                0x00012992                wc_IndexSequenceOf
                0x00012a10                GetSet
                0x00012a24                GetSet_ex
                0x00012a3a                GetOctetString
                0x00012a4e                GetASNInt
                0x00012aa6                GetSigName
                0x00012bb0                SetShortInt
                0x00012c26                OidFromId
                0x00013438                GetASNObjectId
                0x00013450                wc_oid_sum
                0x0001347e                GetASN_Items
                0x00013964                GetMyVersion
                0x000139b0                GetShortInt
                0x000139f8                GetInt
                0x00013a30                CheckBitString
                0x00013f74                GetObjectId
                0x00013fb0                GetAlgoId
                0x00013fec                GetAlgoIdEx
                0x00014040                wc_DecodeRsaPssParams
                0x00014042                ToTraditionalInline_ex2
                0x0001417c                ToTraditionalInline_ex
                0x00014260                wc_RsaPrivateKeyDecode
                0x0001427a                wc_RsaPrivateKeyValidate
                0x0001428c                ToTraditionalInline
                0x0001429a                ToTraditional_ex
                0x000142d8                ToTraditional
                0x000142e6                wc_GetPkcs8TraditionalOffset
                0x00014302                wc_CreatePKCS8Key
                0x000143e0                DecryptContent
                0x00014548                wc_DecryptPKCS8Key
                0x000145bc                ToTraditionalEnc
                0x000145d6                wc_PkcsPad
                0x000147a8                EncryptContent
                0x000147fc                wc_RsaPublicKeyDecode_ex
                0x00014928                wc_DhKeyDecode
                0x00014978                wc_DhParamsLoad
                0x000149f0                FreeAltNames
                0x00014a14                AltNameNew
                0x00014a84                AltNameDup
                0x00014ade                FreeNameSubtrees
                0x00014afa                HashIdAlg
                0x00014afe                CalcHashId
                0x00014b02                CalcHashId_ex
                0x00014b10                GetHashId
                0x00014b2c                GetName
                0x00014ba0                ExtractDate
                0x00014c76                ValidateGmtime
                0x00014cb0                DateGreaterThan
                0x00014d16                wc_SetTimeCb
                0x00014d24                wc_Time
                0x00014d34                wc_ValidateDateWithTime
                0x00014df4                wc_ValidateDate
                0x00014e0a                wc_GetTime
                0x00014e2e                wc_GetDateInfo
                0x00014eb4                wc_GetDateAsCalendarTime
                0x00014ed6                SetLength
                0x00014f12                SetASNInt
                0x00014f44                SetBitString
                0x00014f64                SetObjectId
                0x000150b4                wc_EccPublicKeyToDer
                0x000150c8                wc_EccPublicKeyToDer_ex
                0x000150d4                wc_EccPublicKeyDerSize
                0x000150ea                SetLengthEx
                0x000150f8                SetHeader
                0x00015110                SetSequence
                0x0001511a                SetSequenceEx
                0x00015124                SetOctetString
                0x0001512e                wc_EncryptPKCS8Key_ex
                0x000153dc                wc_EncryptPKCS8Key
                0x00015414                SetOctetStringEx
                0x00015428                SetSet
                0x00015432                SetImplicit
                0x00015470                SetExplicit
                0x00015476                SetAlgoID
                0x00015484                wc_EncodeRsaPssAlgoId
                0x00015664                SetAlgoIDEx
                0x00015672                wc_EncodeSignature
                0x000156dc                wc_GetCTC_HashOID
                0x000156ec                InitSignatureCtx
                0x00015704                InitDecodedCert_ex
                0x0001574c                InitDecodedCert
                0x0001575c                wc_InitDecodedCert
                0x0001575e                FreeSignatureCtx
                0x000157bc                FreeDecodedCert
                0x0001583e                wc_FreeDecodedCert
                0x00015840                wolfssl_local_MatchBaseName
                0x00015c1a                wolfssl_local_UriNameHasDnsHost
                0x00015c44                wolfssl_local_MatchUriNameConstraint
                0x00015ccc                wolfssl_local_MatchDnsConstraintWildcard
                0x00015dcc                wolfssl_local_MatchIpSubnet
                0x00015e0a                wolfssl_local_MatchDnsNameConstraint
                0x00015f8e                DecodeBasicCaConstraint
                0x00016014                DecodeAuthKeyId
                0x00016094                DecodeSubjKeyId
                0x000160c0                DecodeKeyUsage
                0x00016138                DecodeExtKeyUsage
                0x00016240                DecodeExtensionType
                0x00017118                wc_GetPubX509
                0x00017138                DecodeToKey
                0x00017154                DecodeCert
                0x00017166                wc_GetDecodedCertSubject
                0x000171a8                wc_GetDecodedCertIssuer
                0x000171ea                wc_GetDecodedCertSerial
                0x00017228                GetCA
                0x0001722a                GetCAByName
                0x0001722c                wc_GetSubjectPubKeyInfoDerFromCert
                0x000172cc                findSignerByName
                0x000172ec                FillSigner
                0x000173e4                MakeSigner
                0x000173fc                FreeSigner
                0x00017430                FreeSignerTable
                0x0001745e                FreeSignerTableType
                0x000174a2                SetMyVersion
                0x000174c8                AllocDer
                0x00017528                AllocCopyDer
                0x0001754e                FreeDer
                0x0001757a                wc_AllocDer
                0x0001757e                wc_FreeDer
                0x00017582                wc_PemGetHeaderFooter
                0x000176b8                PemToDer
                0x000178e4                wc_PemToDer
                0x00017924                wc_KeyPemToDer
                0x0001799c                wc_CertPemToDer
                0x00017a0e                wc_GetPubKeyDerFromCert
                0x00017a48                StoreECC_DSA_Sig
                0x00017ab4                StoreECC_DSA_Sig_Bin
                0x00017b40                DecodeECC_DSA_Sig_Bin
                0x00017b8c                DecodeECC_DSA_Sig_Ex
                0x00017bf4                DecodeECC_DSA_Sig
                0x00017c02                wc_EccPrivateKeyDecode
                0x00017cd8                wc_GetKeyOID
                0x00017db0                TraditionalEnc_ex
                0x00017e84                TraditionalEnc
                0x00017ebc                UnTraditionalEnc
                0x00017ef0                wc_CreateEncryptedPKCS8Key
                0x00017ef2                wc_EccPublicKeyDecode
                0x00017fbc                wc_BuildEccKeyDer
                0x000181dc                wc_EccKeyToDer
                0x000181f0                wc_EccKeyDerSize
                0x00018210                wc_EccPrivateKeyToDer
                0x0001822e                wc_EccPrivateKeyToPKCS8
                0x00018232                wc_EccKeyToPKCS8
                0x00018236                GetNameHash_ex
                0x00018280                GetNameHash
                0x0001828e                wc_RsaPublicKeyDecodeRaw
                0x00018304                wc_RsaPublicKeyDecode
                0x00018344                wc_CheckPrivateKey
                0x000184e0                wc_CheckPrivateKeyCert
                0x00018502                ConfirmSignature
                0x00018874                ParseCertRelative
                0x00018cf4                ParseCert
                0x00018d70                wc_ParseCert
 .text          0x00018d74      0x4ec ../../src/.libs/libwolfssl.a(src_libwolfssl_la-coding.o)
                0x00018dd6                Base64_SkipNewline
                0x00018e3e                Base64_Decode_nonCT
                0x00019004                Base64_Decode
                0x000191ae                wc_Utf8_DecodeChar
 .text          0x00019260     0x3dd4 ../../src/.libs/libwolfssl.a(src_libwolfssl_la-ecc.o)
                0x00019ede                wc_ecc_get_sets
                0x00019ee8                wc_ecc_get_sets_count
                0x00019eec                wc_ecc_set_curve
                0x0001a098                ecc_projective_add_point
                0x0001a11c                ecc_projective_dbl_point
                0x0001a172                ecc_map_ex
                0x0001a334                ecc_map
                0x0001a338                wc_ecc_new_point_h
                0x0001a34c                wc_ecc_new_point
                0x0001a360                wc_ecc_del_point_h
                0x0001a364                wc_ecc_del_point
                0x0001a368                wc_ecc_forcezero_point
                0x0001a388                wc_ecc_copy_point
                0x0001a3bc                wc_ecc_cmp_point
                0x0001a3f0                wc_ecc_is_valid_idx
                0x0001a518                wc_ecc_get_curve_idx
                0x0001a538                wc_ecc_get_name
                0x0001a558                wc_ecc_get_curve_id
                0x0001a57c                wc_ecc_get_curve_size_from_id
                0x0001a59c                wc_ecc_get_curve_idx_from_name
                0x0001a5d0                wc_ecc_get_curve_size_from_name
                0x0001a5f0                wc_ecc_get_curve_id_from_name
                0x0001a614                wc_ecc_get_curve_id_from_params
                0x0001a6e8                wc_ecc_get_curve_id_from_dp_params
                0x0001a808                wc_ecc_get_curve_id_from_oid
                0x0001a85c                wc_ecc_get_curve_params
                0x0001a870                wc_ecc_point_is_at_infinity
                0x0001a88c                wc_ecc_gen_k
                0x0001a9ce                wc_ecc_init_ex
                0x0001aa16                wc_ecc_key_new_ex
                0x0001aa3e                wc_ecc_key_new
                0x0001aa46                wc_ecc_init
                0x0001aa50                wc_ecc_init_id
                0x0001aa8e                wc_ecc_init_label
                0x0001aadc                wc_ecc_set_flags
                0x0001aaee                wc_ecc_free
                0x0001ab2e                wc_ecc_key_free
                0x0001ab4e                ecc_projective_add_point_safe
                0x0001ac46                ecc_projective_dbl_point_safe
                0x0001afde                wc_ecc_mulmod_ex
                0x0001b0c0                wc_ecc_mulmod
                0x0001b25a                wc_ecc_mulmod_ex2
                0x0001b420                wc_ecc_shared_secret_gen_sync
                0x0001b544                wc_ecc_shared_secret_ex
                0x0001b5ae                wc_ecc_shared_secret
                0x0001b776                wc_ecc_make_pub_ex
                0x0001b7ce                wc_ecc_make_pub
                0x0001b8a2                wc_ecc_make_key_ex2
                0x0001b8a4                wc_ecc_make_key_ex
                0x0001b8b2                wc_ecc_make_key
                0x0001b8b8                wc_ecc_sign_hash_ex
                0x0001bc52                wc_ecc_sign_hash
                0x0001be18                ecc_mul2add
                0x0001c268                wc_ecc_verify_hash_ex
                0x0001c632                wc_ecc_verify_hash
                0x0001c81a                wc_ecc_import_point_der_ex
                0x0001c908                wc_ecc_import_point_der
                0x0001c916                wc_ecc_export_point_der
                0x0001c9fc                wc_ecc_export_point_der_ex
                0x0001ca10                wc_ecc_export_x963
                0x0001ca4a                wc_ecc_export_x963_ex
                0x0001ca56                wc_ecc_is_point
                0x0001caae                wc_ecc_point_is_on_curve
                0x0001cc1e                wc_ecc_check_key
                0x0001cc22                wc_ecc_import_x963_ex2
                0x0001cc44                wc_ecc_import_x963_ex
                0x0001cc52                wc_ecc_import_x963
                0x0001cc58                wc_ecc_export_ex
                0x0001cd0e                wc_ecc_export_private_only
                0x0001cd34                wc_ecc_export_public_raw
                0x0001cd5a                wc_ecc_export_private_raw
                0x0001cd74                wc_ecc_import_private_key_ex
                0x0001cde2                wc_ecc_import_private_key
                0x0001cdf4                wc_ecc_rs_to_sig
                0x0001ce78                wc_ecc_rs_raw_to_sig
                0x0001cea2                wc_ecc_sig_to_rs
                0x0001cec4                wc_ecc_import_raw_ex
                0x0001ced6                wc_ecc_import_unsigned
                0x0001cee8                wc_ecc_import_raw
                0x0001cf5c                wc_ecc_size
                0x0001cf66                wc_ecc_sig_size_calc
                0x0001cf76                wc_ecc_sig_size
                0x0001cfd8                wc_ecc_set_rng
                0x0001cfe8                wc_ecc_get_oid
 .text          0x0001d034      0xa4c ../../src/.libs/libwolfssl.a(src_libwolfssl_la-hash.o)
                0x0001d034                wc_HashTypeConvert
                0x0001d040                wc_HashGetOID
                0x0001d058                wc_OidGetHash
                0x0001d0c8                wc_HashGetDigestSize
                0x0001d0e4                wc_HashGetBlockSize
                0x0001d100                wc_HashInit_ex
                0x0001d186                wc_HashNew
                0x0001d1c4                wc_HashInit
                0x0001d1ce                wc_HashUpdate
                0x0001d250                wc_HashFinal
                0x0001d2b6                wc_HashFree
                0x0001d32e                wc_HashDelete
                0x0001d356                wc_HashSetFlags
                0x0001d3be                wc_HashGetFlags
                0x0001d426                wc_ShaHash_ex
                0x0001d462                wc_ShaHash
                0x0001d48a                wc_Sha256Hash_ex
                0x0001d4c6                wc_Sha256Hash
                0x0001d4ee                wc_Sha512Hash_ex
                0x0001d52a                wc_Sha512Hash
                0x0001d552                wc_Sha512_224Hash_ex
                0x0001d58e                wc_Sha512_224Hash
                0x0001d5b6                wc_Sha512_256Hash_ex
                0x0001d5f2                wc_Sha512_256Hash
                0x0001d61a                wc_Sha384Hash_ex
                0x0001d656                wc_Sha384Hash
                0x0001d67e                wc_Sha3_224Hash_ex
                0x0001d6ba                wc_Sha3_224Hash
                0x0001d6e2                wc_Sha3_256Hash_ex
                0x0001d71e                wc_Sha3_256Hash
                0x0001d746                wc_Sha3_384Hash_ex
                0x0001d782                wc_Sha3_384Hash
                0x0001d7aa                wc_Sha3_512Hash_ex
                0x0001d7e6                wc_Hash_ex
                0x0001d95a                wc_Hash
                0x0001d972                wc_Sha3_512Hash
                0x0001d99a                wc_Shake128Hash_ex
                0x0001d9de                wc_Shake128Hash
                0x0001da0c                wc_Shake256Hash_ex
                0x0001da50                wc_Shake256Hash
 .text          0x0001da80     0x1d48 ../../src/.libs/libwolfssl.a(src_libwolfssl_la-rsa.o)
                0x0001e076                wc_InitRsaKey_ex
                0x0001e0fe                wc_NewRsaKey
                0x0001e134                wc_InitRsaKey
                0x0001e13c                wc_InitRsaKey_Id
                0x0001e17e                wc_NewRsaKey_Id
                0x0001e1d6                wc_InitRsaKey_Label
                0x0001e22a                wc_NewRsaKey_Label
                0x0001e270                wc_FreeRsaKey
                0x0001e2ec                wc_DeleteRsaKey
                0x0001e310                wc_RsaPad_ex
                0x0001e506                wc_RsaUnPad_ex
                0x0001e76e                wc_hash2mgf
                0x0001e784                RsaFunctionCheckIn
                0x0001e83a                wc_RsaPSS_CheckPadding_ex2
                0x0001e90e                wc_RsaPSS_CheckPadding_ex
                0x0001e92a                wc_RsaPSS_CheckPadding
                0x0001e946                wc_RsaEncryptSize
                0x0001edb0                wc_RsaFunction
                0x0001efd0                wc_RsaPrivateDecryptInline
                0x0001f00e                wc_RsaPrivateDecryptInline_ex
                0x0001f058                wc_RsaPrivateDecrypt
                0x0001f094                wc_RsaPrivateDecrypt_ex
                0x0001f0dc                wc_RsaSSL_VerifyInline
                0x0001f116                wc_RsaSSL_Verify_ex2
                0x0001f16c                wc_RsaSSL_Verify_ex
                0x0001f182                wc_RsaSSL_Verify
                0x0001f194                wc_RsaPSS_VerifyInline_ex
                0x0001f1d6                wc_RsaPSS_VerifyInline
                0x0001f1ee                wc_RsaPSS_VerifyCheckInline
                0x0001f26e                wc_RsaPSS_Verify_ex
                0x0001f2b2                wc_RsaPSS_Verify
                0x0001f2d0                wc_RsaPSS_VerifyCheck
                0x0001f472                wc_RsaPublicEncrypt
                0x0001f49a                wc_RsaPublicEncrypt_ex
                0x0001f4ce                wc_RsaSSL_Sign
                0x0001f4fa                wc_RsaPSS_Sign_ex
                0x0001f52c                wc_RsaPSS_Sign
                0x0001f550                wc_RsaFlattenPublicKey
                0x0001f5b6                wc_RsaExportKey
                0x0001f644                wc_RsaSetRNG
                0x0001f65a                wc_RsaPrivateKeyDecodeRaw
 .text          0x0001f7c8     0x11ec ../../src/.libs/libwolfssl.a(src_libwolfssl_la-sha.o)
                0x00020670                wc_InitSha_ex
                0x000206c4                wc_ShaUpdate
                0x000207ae                wc_ShaFinalRaw
                0x000207e6                wc_ShaFinal
                0x000208fc                wc_InitSha
                0x00020906                wc_ShaFree
                0x00020924                wc_ShaCopy
                0x0002096e                wc_ShaGetHash
                0x000209a0                wc_ShaSetFlags
                0x000209a8                wc_ShaGetFlags
 .text          0x000209b4     0x162c ../../src/.libs/libwolfssl.a(src_libwolfssl_la-sha3.o)
                0x00020b02                BlockSha3
                0x00021c58                wc_InitSha3_224
                0x00021c7a                wc_Sha3_224_Update
                0x00021c7e                wc_Sha3_224_Final
                0x00021c84                wc_Sha3_224_Free
                0x00021c88                wc_Sha3_224_GetHash
                0x00021c8e                wc_Sha3_224_Copy
                0x00021c92                wc_InitSha3_256
                0x00021cb4                wc_Sha3_256_Update
                0x00021cb8                wc_Sha3_256_Final
                0x00021cbe                wc_Sha3_256_Free
                0x00021cc2                wc_Sha3_256_GetHash
                0x00021cc8                wc_Sha3_256_Copy
                0x00021ccc                wc_InitSha3_384
                0x00021cee                wc_Sha3_384_Update
                0x00021cf2                wc_Sha3_384_Final
                0x00021cf8                wc_Sha3_384_Free
                0x00021cfc                wc_Sha3_384_GetHash
                0x00021d02                wc_Sha3_384_Copy
                0x00021d06                wc_InitSha3_512
                0x00021d28                wc_Sha3_512_Update
                0x00021d2c                wc_Sha3_512_Final
                0x00021d32                wc_Sha3_512_Free
                0x00021d36                wc_Sha3_512_GetHash
                0x00021d3c                wc_Sha3_512_Copy
                0x00021d40                wc_Sha3_SetFlags
                0x00021d4a                wc_Sha3_GetFlags
                0x00021d58                wc_InitShake128
                0x00021d7c                wc_Shake128_Update
                0x00021dce                wc_Shake128_Final
                0x00021e2c                wc_Shake128_Absorb
                0x00021e64                wc_Shake128_SqueezeBlocks
                0x00021e94                wc_Shake128_Free
                0x00021e98                wc_Shake128_Copy
                0x00021e9c                wc_InitShake256
                0x00021ec0                wc_Shake256_Update
                0x00021f12                wc_Shake256_Final
                0x00021f70                wc_Shake256_Absorb
                0x00021fa8                wc_Shake256_SqueezeBlocks
                0x00021fd8                wc_Shake256_Free
                0x00021fdc                wc_Shake256_Copy
 .text          0x00021fe0      0x310 ../../src/.libs/libwolfssl.a(src_libwolfssl_la-wc_encrypt.o)
                0x00022026                wc_AesCbcDecryptWithKey
                0x00022096                wc_AesCbcEncryptWithKey
                0x00022104                wc_CryptKey
 .text          0x000222f0      0x79c ../../src/.libs/libwolfssl.a(src_libwolfssl_la-pwdbased.o)
                0x000223fa                wc_PBKDF_max_iterations_set
                0x00022410                wc_PBKDF_max_iterations_get
                0x0002241c                wc_PBKDF1_ex
                0x000225bc                wc_PBKDF1
                0x000225e4                wc_PBKDF2_ex
                0x000227d4                wc_PBKDF2
                0x000227fa                wc_PKCS12_PBKDF_ex
                0x00022a68                wc_PKCS12_PBKDF
 .text          0x00022a8c      0xd9a ../../src/.libs/libwolfssl.a(src_libwolfssl_la-hmac.o)
                0x00022b32                wc_HmacSizeByType
                0x00022b6e                _InitHmac
                0x00022bec                wc_HmacCopy
                0x00022cdc                wc_HmacUpdate
                0x00022df4                wc_HmacFinal
                0x000230c8                wc_HmacInit
                0x000230f2                wc_HmacInit_Id
                0x00023136                wc_HmacInit_Label
                0x00023188                wc_HmacFree
                0x0002324e                wc_HmacSetKey_ex
                0x000234f4                wc_HmacSetKey
                0x00023502                wolfSSL_GetHmacMaxSize
                0x00023506                wc_HKDF_Extract_ex
                0x000235c4                wc_HKDF_Extract
                0x000235e0                wc_HKDF_Expand_ex
                0x00023744                wc_HKDF_Expand
                0x00023766                wc_HKDF_ex
                0x000237fc                wc_HKDF
 .text.memcpy   0x00023826       0x1a /home/tobi/.local/zephyr-sdk-1.0.1/gnu/arm-zephyr-eabi/bin/../lib/gcc/arm-zephyr-eabi/14.3.0/../../../../arm-zephyr-eabi/lib/thumb/v8-m.main/nofp/space/libc.a(memcpy.c.o)
                0x00023826                memcpy
                0x00023826                __aeabi_memcpy
                0x00023826                __aeabi_memcpy4
                0x00023826                __aeabi_memcpy8
 .text.memmove  0x00023840       0x32 /home/tobi/.local/zephyr-sdk-1.0.1/gnu/arm-zephyr-eabi/bin/../lib/gcc/arm-zephyr-eabi/14.3.0/../../../../arm-zephyr-eabi/lib/thumb/v8-m.main/nofp/space/libc.a(memmove.c.o)
                0x00023840                memmove
                0x00023840                __aeabi_memmove8
                0x00023840                __aeabi_memmove
                0x00023840                __aeabi_memmove4
 .text.memset   0x00023872       0x10 /home/tobi/.local/zephyr-sdk-1.0.1/gnu/arm-zephyr-eabi/bin/../lib/gcc/arm-zephyr-eabi/14.3.0/../../../../arm-zephyr-eabi/lib/thumb/v8-m.main/nofp/space/libc.a(memset.c.o)
                0x00023872                memset
 .text          0x00023882       0x10 /home/tobi/.local/zephyr-sdk-1.0.1/gnu/arm-zephyr-eabi/bin/../lib/gcc/arm-zephyr-eabi/14.3.0/../../../../arm-zephyr-eabi/lib/thumb/v8-m.main/nofp/space/libc.a(strlen.S.o)
                0x00023882                strlen
 *fill*         0x00023892        0x2 
 .text.free     0x00023894       0x7c /home/tobi/.local/zephyr-sdk-1.0.1/gnu/arm-zephyr-eabi/bin/../lib/gcc/arm-zephyr-eabi/14.3.0/../../../../arm-zephyr-eabi/lib/thumb/v8-m.main/nofp/space/libc.a(nano-free.c.o)
                0x00023894                __malloc_free
                0x00023894                cfree
                0x00023894                free
 .text.__malloc_sbrk_aligned
                0x00023910       0x50 /home/tobi/.local/zephyr-sdk-1.0.1/gnu/arm-zephyr-eabi/bin/../lib/gcc/arm-zephyr-eabi/14.3.0/../../../../arm-zephyr-eabi/lib/thumb/v8-m.main/nofp/space/libc.a(nano-malloc.c.o)
 .text.__malloc_grow_chunk
                0x00023960       0x48 /home/tobi/.local/zephyr-sdk-1.0.1/gnu/arm-zephyr-eabi/bin/../lib/gcc/arm-zephyr-eabi/14.3.0/../../../../arm-zephyr-eabi/lib/thumb/v8-m.main/nofp/space/libc.a(nano-malloc.c.o)
                0x00023960                __malloc_grow_chunk
 .text.malloc   0x000239a8       0xa8 /home/tobi/.local/zephyr-sdk-1.0.1/gnu/arm-zephyr-eabi/bin/../lib/gcc/arm-zephyr-eabi/14.3.0/../../../../arm-zephyr-eabi/lib/thumb/v8-m.main/nofp/space/libc.a(nano-malloc.c.o)
                0x000239a8                malloc
                0x000239a8                __malloc_malloc
 .text.realloc  0x00023a50       0xe4 /home/tobi/.local/zephyr-sdk-1.0.1/gnu/arm-zephyr-eabi/bin/../lib/gcc/arm-zephyr-eabi/14.3.0/../../../../arm-zephyr-eabi/lib/thumb/v8-m.main/nofp/space/libc.a(nano-realloc.c.o)
                0x00023a50                realloc
 .text.__libc_init_array
                0x00023b34       0x1c /home/tobi/.local/zephyr-sdk-1.0.1/gnu/arm-zephyr-eabi/bin/../lib/gcc/arm-zephyr-eabi/14.3.0/../../../../arm-zephyr-eabi/lib/thumb/v8-m.main/nofp/space/libc.a(libc_misc_init.c.o)
                0x00023b34                __libc_init_array
 .text.__retarget_lock_acquire_recursive
                0x00023b50        0x2 /home/tobi/.local/zephyr-sdk-1.0.1/gnu/arm-zephyr-eabi/bin/../lib/gcc/arm-zephyr-eabi/14.3.0/../../../../arm-zephyr-eabi/lib/thumb/v8-m.main/nofp/space/libc.a(libc_misc_lock.c.o)
                0x00023b50                __retarget_lock_acquire_recursive
 .text.__retarget_lock_release_recursive
                0x00023b52        0x2 /home/tobi/.local/zephyr-sdk-1.0.1/gnu/arm-zephyr-eabi/bin/../lib/gcc/arm-zephyr-eabi/14.3.0/../../../../arm-zephyr-eabi/lib/thumb/v8-m.main/nofp/space/libc.a(libc_misc_lock.c.o)
                0x00023b52                __retarget_lock_release_recursive
 .text.memcmp   0x00023b54       0x20 /home/tobi/.local/zephyr-sdk-1.0.1/gnu/arm-zephyr-eabi/bin/../lib/gcc/arm-zephyr-eabi/14.3.0/../../../../arm-zephyr-eabi/lib/thumb/v8-m.main/nofp/space/libc.a(libc_string_memcmp.c.o)
                0x00023b54                memcmp
 .text.strcasecmp
                0x00023b74       0x2e /home/tobi/.local/zephyr-sdk-1.0.1/gnu/arm-zephyr-eabi/bin/../lib/gcc/arm-zephyr-eabi/14.3.0/../../../../arm-zephyr-eabi/lib/thumb/v8-m.main/nofp/space/libc.a(libc_string_strcasecmp.c.o)
                0x00023b74                strcasecmp
 .text.strncmp  0x00023ba2       0x24 /home/tobi/.local/zephyr-sdk-1.0.1/gnu/arm-zephyr-eabi/bin/../lib/gcc/arm-zephyr-eabi/14.3.0/../../../../arm-zephyr-eabi/lib/thumb/v8-m.main/nofp/space/libc.a(libc_string_strncmp.c.o)
                0x00023ba2                strncmp
 *fill*         0x00023bc6        0x2 
 .text.gmtime_r
                0x00023bc8      0x158 /home/tobi/.local/zephyr-sdk-1.0.1/gnu/arm-zephyr-eabi/bin/../lib/gcc/arm-zephyr-eabi/14.3.0/../../../../arm-zephyr-eabi/lib/thumb/v8-m.main/nofp/space/libc.a(libc_time_gmtime_r.c.o)
                0x00023bc8                gmtime_r
 .text.sbrk     0x00023d20       0x44 /home/tobi/.local/zephyr-sdk-1.0.1/gnu/arm-zephyr-eabi/bin/../lib/gcc/arm-zephyr-eabi/14.3.0/../../../../arm-zephyr-eabi/lib/thumb/v8-m.main/nofp/space/libc.a(libc_picolib_picosbrk.c.o)
                0x00023d20                sbrk
 *fill*         0x00023d64        0xc 
 .text.__aeabi_read_tp
                0x00023d70        0xc /home/tobi/.local/zephyr-sdk-1.0.1/gnu/arm-zephyr-eabi/bin/../lib/gcc/arm-zephyr-eabi/14.3.0/../../../../arm-zephyr-eabi/lib/thumb/v8-m.main/nofp/space/libc.a(libc_picolib_machine_arm_read_tp.S.o)
                0x00023d70                __aeabi_read_tp
 .text          0x00023d7c       0xa0 /home/tobi/.local/zephyr-sdk-1.0.1/gnu/arm-zephyr-eabi/bin/../lib/gcc/arm-zephyr-eabi/14.3.0/thumb/v8-m.main/nofp/space/libgcc.a(_aeabi_ldivmod.o)
                0x00023d7c                __aeabi_ldivmod
 .text          0x00023e1c      0x2ba /home/tobi/.local/zephyr-sdk-1.0.1/gnu/arm-zephyr-eabi/bin/../lib/gcc/arm-zephyr-eabi/14.3.0/thumb/v8-m.main/nofp/space/libgcc.a(_udivmoddi4.o)
                0x00023e1c                __udivmoddi4
 *fill*         0x000240d6        0x2 
 .text          0x000240d8        0x4 /home/tobi/.local/zephyr-sdk-1.0.1/gnu/arm-zephyr-eabi/bin/../lib/gcc/arm-zephyr-eabi/14.3.0/thumb/v8-m.main/nofp/space/libgcc.a(_dvmd_tls.o)
                0x000240d8                __aeabi_ldiv0
                0x000240d8                __aeabi_idiv0
 *(.rodata*)
 .rodata.gcmTag.0
                0x000240dc       0x10 build/main.o
 .rodata.gcmCipher.1
                0x000240ec       0x10 build/main.o
 .rodata.gcmIv.2
                0x000240fc        0xc build/main.o
 .rodata.gcmPlain.3
                0x00024108       0x10 build/main.o
 .rodata.gcmKey.4
                0x00024118       0x10 build/main.o
 .rodata.cmacEmpty.5
                0x00024128       0x10 build/main.o
 .rodata.cmacKey.6
                0x00024138       0x10 build/main.o
 .rodata.key.7  0x00024148       0x10 build/main.o
 .rodata.kek.8  0x00024158       0x10 build/main.o
 .rodata.abcDigest
                0x00024168       0x20 build/main.o
 .rodata.abc    0x00024188        0x3 build/main.o
 *fill*         0x0002418b        0x5 
 .rodata.mcuxClRsa_Mode_Verify_NoVerify
                0x00024190      0x100 build/els_stub_descriptors.o
                0x00024190                mcuxClRsa_Mode_Verify_NoVerify
 .rodata.mcuxClRsa_Mode_Sign_NoEncode
                0x00024290      0x100 build/els_stub_descriptors.o
                0x00024290                mcuxClRsa_Mode_Sign_NoEncode
 .rodata.mcuxClRandomModes_mdCtrDrbg_AES256_DRG3
                0x00024390      0x100 build/els_stub_descriptors.o
                0x00024390                mcuxClRandomModes_mdCtrDrbg_AES256_DRG3
 .rodata.mcuxClEcc_ECDSA_ProtocolDescriptor
                0x00024490      0x100 build/els_stub_descriptors.o
                0x00024490                mcuxClEcc_ECDSA_ProtocolDescriptor
 *fill*         0x00024590       0x10 
 .rodata        0x000245a0      0x100 ../../src/.libs/libwolfssl.a(src_libwolfssl_la-sha256.o)
 .rodata.str1.1
                0x000246a0      0xafc ../../src/.libs/libwolfssl.a(src_libwolfssl_la-aes.o)
                                  0x9 (size before relaxing)
 .rodata        0x0002519c     0x2168 ../../src/.libs/libwolfssl.a(src_libwolfssl_la-aes.o)
 .rodata        0x00027304       0x20 ../../src/.libs/libwolfssl.a(src_libwolfssl_la-els_pkc_port.o)
 .rodata        0x00027324      0x400 ../../src/.libs/libwolfssl.a(src_libwolfssl_la-random.o)
                0x000275a4                reseedSeedA_data
                0x000275c4                seedA_data
                0x000275f4                outputA_data
                0x00027674                seedB_data
                0x000276a4                outputB_data
 *fill*         0x00027724       0x1c 
 .rodata        0x00027740      0x290 ../../src/.libs/libwolfssl.a(src_libwolfssl_la-sp_int.o)
                0x0002794c                sp_off_on_addr
 .rodata        0x000279d0      0x280 ../../src/.libs/libwolfssl.a(src_libwolfssl_la-sha512.o)
 .rodata.str1.1
                0x00027c50       0x3b ../../src/.libs/libwolfssl.a(src_libwolfssl_la-wolfmath.o)
 .rodata.str1.1
                0x00027c50       0xdf ../../src/.libs/libwolfssl.a(src_libwolfssl_la-asn.o)
 .rodata        0x00027c50      0xa54 ../../src/.libs/libwolfssl.a(src_libwolfssl_la-asn.o)
                0x000286a0                pem_struct_min_sz
 *fill*         0x000286a4       0x1c 
 .rodata        0x000286c0       0x50 ../../src/.libs/libwolfssl.a(src_libwolfssl_la-coding.o)
 .rodata.str1.1
                0x00028710      0x9d9 ../../src/.libs/libwolfssl.a(src_libwolfssl_la-ecc.o)
 .rodata        0x00028710      0x157 ../../src/.libs/libwolfssl.a(src_libwolfssl_la-ecc.o)
 *fill*         0x00028867        0x1 
 .rodata        0x00028868       0xa0 ../../src/.libs/libwolfssl.a(src_libwolfssl_la-hash.o)
 .rodata        0x00028908       0x13 ../../src/.libs/libwolfssl.a(src_libwolfssl_la-rsa.o)
 *fill*         0x0002891b        0x5 
 .rodata        0x00028920       0xc0 ../../src/.libs/libwolfssl.a(src_libwolfssl_la-sha3.o)
 *(.ARM.extab* .gnu.linkonce.armextab.*)
 *(.ARM.exidx* .gnu.linkonce.armexidx.*)
 .ARM.exidx     0x000289e0        0x8 /home/tobi/.local/zephyr-sdk-1.0.1/gnu/arm-zephyr-eabi/bin/../lib/gcc/arm-zephyr-eabi/14.3.0/thumb/v8-m.main/nofp/space/libgcc.a(_udivmoddi4.o)
 *(.glue_7)
 .glue_7        0x000289e8        0x0 linker stubs
 *(.glue_7t)
 .glue_7t       0x000289e8        0x0 linker stubs
 *(.eh_frame)

.vfp11_veneer   0x000289e8        0x0
 .vfp11_veneer  0x000289e8        0x0 linker stubs

.v4_bx          0x000289e8        0x0
 .v4_bx         0x000289e8        0x0 linker stubs

.iplt           0x000289e8        0x0
 .iplt          0x000289e8        0x0 build/main.o

.rel.dyn        0x000289e8        0x0
 .rel.iplt      0x000289e8        0x0 build/main.o

.preinit_array  0x000289e8        0x0
                0x000289e8                        __preinit_array_start = .
 *(.preinit_array*)
                0x000289e8                        __preinit_array_end = .

.init_array     0x000289e8        0x0
                0x000289e8                        __init_array_start = .
 *(.init_array*)
                0x000289e8                        __init_array_end = .

.fini_array     0x000289e8        0x0
                0x000289e8                        __fini_array_start = .
 *(.fini_array*)
                0x000289e8                        __fini_array_end = .

.data           0x20000000       0x28 load address 0x000289e8
                0x20000000                        _sdata = .
 *(.data*)
 .data          0x20000000       0x20 ../../src/.libs/libwolfssl.a(src_libwolfssl_la-asn.o)
                0x20000000                rsaIntOffset
 .data          0x20000020        0x4 ../../src/.libs/libwolfssl.a(src_libwolfssl_la-pwdbased.o)
 .data.__brk    0x20000024        0x4 /home/tobi/.local/zephyr-sdk-1.0.1/gnu/arm-zephyr-eabi/bin/../lib/gcc/arm-zephyr-eabi/14.3.0/../../../../arm-zephyr-eabi/lib/thumb/v8-m.main/nofp/space/libc.a(libc_picolib_picosbrk.c.o)
                0x20000028                        _edata = .

.igot.plt       0x20000028        0x0 load address 0x00028a10
 .igot.plt      0x20000028        0x0 build/main.o

.tbss.errno     0x20000028        0x4 load address 0x00028a10
 .tbss.errno    0x20000028        0x4 /home/tobi/.local/zephyr-sdk-1.0.1/gnu/arm-zephyr-eabi/bin/../lib/gcc/arm-zephyr-eabi/14.3.0/../../../../arm-zephyr-eabi/lib/thumb/v8-m.main/nofp/space/libc.a(libc_errno_errno.c.o)
                0x20000028                errno

.bss            0x20000040      0xc1c load address 0x00028a10
                0x20000040                        _sbss = .
 *(.bss*)
 .bss.failures  0x20000040        0x4 build/main.o
 .bss           0x20000044        0x4 ../../src/.libs/libwolfssl.a(src_libwolfssl_la-aes.o)
 .bss           0x20000048        0x4 ../../src/.libs/libwolfssl.a(src_libwolfssl_la-wc_port.o)
 .bss           0x2000004c        0xc ../../src/.libs/libwolfssl.a(src_libwolfssl_la-memory.o)
 .bss           0x20000058       0x60 ../../src/.libs/libwolfssl.a(src_libwolfssl_la-cryptocb.o)
 *fill*         0x200000b8        0x8 
 .bss           0x200000c0      0xb7c ../../src/.libs/libwolfssl.a(src_libwolfssl_la-els_pkc_port.o)
                0x20000348                wc_ElsPkc_PollWaitCount
                0x2000084c                wc_ElsPkc_EccOffloadCount
                0x20000850                wc_ElsPkc_RngOffloadCount
                0x20000b40                wc_ElsPkc_EccPkcOffloadCount
                0x20000b44                wc_ElsPkc_AesOffloadCount
                0x20000b48                wc_ElsPkc_GcmOffloadCount
                0x20000c20                wc_ElsPkc_CmacOffloadCount
                0x20000c24                wc_ElsPkc_RsaOffloadCount
                0x20000c28                wc_ElsPkc_KeyStoreOffloadCount
                0x20000c2c                wc_ElsPkc_HashOffloadCount
                0x20000c34                wc_ElsPkc_TimeoutCount
                0x20000c38                wc_ElsPkc_IrqWaitCount
 .bss           0x20000c3c        0x8 ../../src/.libs/libwolfssl.a(src_libwolfssl_la-random.o)
 .bss           0x20000c44        0x4 ../../src/.libs/libwolfssl.a(src_libwolfssl_la-asn.o)
 .bss.__malloc_sbrk_top
                0x20000c48        0x4 /home/tobi/.local/zephyr-sdk-1.0.1/gnu/arm-zephyr-eabi/bin/../lib/gcc/arm-zephyr-eabi/14.3.0/../../../../arm-zephyr-eabi/lib/thumb/v8-m.main/nofp/space/libc.a(nano-malloc.c.o)
                0x20000c48                __malloc_sbrk_top
 .bss.__malloc_sbrk_start
                0x20000c4c        0x4 /home/tobi/.local/zephyr-sdk-1.0.1/gnu/arm-zephyr-eabi/bin/../lib/gcc/arm-zephyr-eabi/14.3.0/../../../../arm-zephyr-eabi/lib/thumb/v8-m.main/nofp/space/libc.a(nano-malloc.c.o)
                0x20000c4c                __malloc_sbrk_start
 .bss.__malloc_free_list
                0x20000c50        0x4 /home/tobi/.local/zephyr-sdk-1.0.1/gnu/arm-zephyr-eabi/bin/../lib/gcc/arm-zephyr-eabi/14.3.0/../../../../arm-zephyr-eabi/lib/thumb/v8-m.main/nofp/space/libc.a(nano-malloc.c.o)
                0x20000c50                __malloc_free_list
 .bss.__lock___libc_recursive_mutex
                0x20000c54        0x1 /home/tobi/.local/zephyr-sdk-1.0.1/gnu/arm-zephyr-eabi/bin/../lib/gcc/arm-zephyr-eabi/14.3.0/../../../../arm-zephyr-eabi/lib/thumb/v8-m.main/nofp/space/libc.a(libc_misc_lock.c.o)
                0x20000c54                __lock___libc_recursive_mutex
 *fill*         0x20000c55        0x3 
 .bss.__tls     0x20000c58        0x4 /home/tobi/.local/zephyr-sdk-1.0.1/gnu/arm-zephyr-eabi/bin/../lib/gcc/arm-zephyr-eabi/14.3.0/../../../../arm-zephyr-eabi/lib/thumb/v8-m.main/nofp/space/libc.a(libc_picolib_machine_arm_tls.c.o)
                0x20000c58                __tls
 *(COMMON)
                0x20000c5c                        _ebss = .
                0x20000c60                        . = ALIGN (0x8)
                0x20000c60                        end = .
                0x20000c60                        _end = .
                0x20000c60                        __heap_start = .
                0x2007c000                        __heap_end = ((ORIGIN (RAM) + LENGTH (RAM)) - 0x4000)
OUTPUT(app.elf elf32-littlearm)
LOAD linker stubs

.debug_info     0x00000000     0x43b8
 .debug_info    0x00000000     0x1dea build/main.o
 .debug_info    0x00001dea       0xd7 build/ivt.o
 .debug_info    0x00001ec1      0x605 build/syscalls.o
 .debug_info    0x000024c6     0x1e1b build/els_stubs.o
 .debug_info    0x000042e1       0xd7 build/els_stub_descriptors.o

.debug_abbrev   0x00000000      0xa2b
 .debug_abbrev  0x00000000      0x4ce build/main.o
 .debug_abbrev  0x000004ce       0xa2 build/ivt.o
 .debug_abbrev  0x00000570      0x1c0 build/syscalls.o
 .debug_abbrev  0x00000730      0x298 build/els_stubs.o
 .debug_abbrev  0x000009c8       0x63 build/els_stub_descriptors.o

.debug_loclists
                0x00000000      0x805
 .debug_loclists
                0x00000000      0x175 build/main.o
 .debug_loclists
                0x00000175      0x1d0 build/syscalls.o
 .debug_loclists
                0x00000345      0x4c0 build/els_stubs.o

.debug_aranges  0x00000000      0x1e0
 .debug_aranges
                0x00000000       0x38 build/main.o
 .debug_aranges
                0x00000038       0x20 build/ivt.o
 .debug_aranges
                0x00000058       0x88 build/syscalls.o
 .debug_aranges
                0x000000e0       0xe8 build/els_stubs.o
 .debug_aranges
                0x000001c8       0x18 build/els_stub_descriptors.o

.debug_rnglists
                0x00000000      0x176
 .debug_rnglists
                0x00000000       0x59 build/main.o
 .debug_rnglists
                0x00000059       0x13 build/ivt.o
 .debug_rnglists
                0x0000006c       0x61 build/syscalls.o
 .debug_rnglists
                0x000000cd       0xa9 build/els_stubs.o

.debug_line     0x00000000     0x17b7
 .debug_line    0x00000000      0x79f build/main.o
 .debug_line    0x0000079f      0x110 build/ivt.o
 .debug_line    0x000008af      0x434 build/syscalls.o
 .debug_line    0x00000ce3      0x9ca build/els_stubs.o
 .debug_line    0x000016ad      0x10a build/els_stub_descriptors.o

.debug_str      0x00000000     0x3983
 .debug_str     0x00000000     0x3983 build/main.o
                               0x1d10 (size before relaxing)
 .debug_str     0x00003983      0x1c8 build/ivt.o
 .debug_str     0x00003983      0x3c9 build/syscalls.o
 .debug_str     0x00003983     0x1c8e build/els_stubs.o
 .debug_str     0x00003983      0x22d build/els_stub_descriptors.o

.comment        0x00000000       0x1f
 .comment       0x00000000       0x1f build/main.o
                                 0x20 (size before relaxing)
 .comment       0x0000001f       0x20 build/ivt.o
 .comment       0x0000001f       0x20 build/syscalls.o
 .comment       0x0000001f       0x20 build/els_stubs.o
 .comment       0x0000001f       0x20 build/els_stub_descriptors.o
 .comment       0x0000001f       0x20 ../../src/.libs/libwolfssl.a(src_libwolfssl_la-sha256.o)
 .comment       0x0000001f       0x20 ../../src/.libs/libwolfssl.a(src_libwolfssl_la-aes.o)
 .comment       0x0000001f       0x20 ../../src/.libs/libwolfssl.a(src_libwolfssl_la-cmac.o)
 .comment       0x0000001f       0x20 ../../src/.libs/libwolfssl.a(src_libwolfssl_la-wc_port.o)
 .comment       0x0000001f       0x20 ../../src/.libs/libwolfssl.a(src_libwolfssl_la-memory.o)
 .comment       0x0000001f       0x20 ../../src/.libs/libwolfssl.a(src_libwolfssl_la-cryptocb.o)
 .comment       0x0000001f       0x20 ../../src/.libs/libwolfssl.a(src_libwolfssl_la-els_pkc_keyblob.o)
 .comment       0x0000001f       0x20 ../../src/.libs/libwolfssl.a(src_libwolfssl_la-els_pkc_port.o)
 .comment       0x0000001f       0x20 ../../src/.libs/libwolfssl.a(src_libwolfssl_la-random.o)
 .comment       0x0000001f       0x20 ../../src/.libs/libwolfssl.a(src_libwolfssl_la-sp_int.o)
 .comment       0x0000001f       0x20 ../../src/.libs/libwolfssl.a(src_libwolfssl_la-sha512.o)
 .comment       0x0000001f       0x20 ../../src/.libs/libwolfssl.a(src_libwolfssl_la-wolfmath.o)
 .comment       0x0000001f       0x20 ../../src/.libs/libwolfssl.a(src_libwolfssl_la-asn.o)
 .comment       0x0000001f       0x20 ../../src/.libs/libwolfssl.a(src_libwolfssl_la-coding.o)
 .comment       0x0000001f       0x20 ../../src/.libs/libwolfssl.a(src_libwolfssl_la-ecc.o)
 .comment       0x0000001f       0x20 ../../src/.libs/libwolfssl.a(src_libwolfssl_la-hash.o)
 .comment       0x0000001f       0x20 ../../src/.libs/libwolfssl.a(src_libwolfssl_la-rsa.o)
 .comment       0x0000001f       0x20 ../../src/.libs/libwolfssl.a(src_libwolfssl_la-sha.o)
 .comment       0x0000001f       0x20 ../../src/.libs/libwolfssl.a(src_libwolfssl_la-sha3.o)
 .comment       0x0000001f       0x20 ../../src/.libs/libwolfssl.a(src_libwolfssl_la-wc_encrypt.o)
 .comment       0x0000001f       0x20 ../../src/.libs/libwolfssl.a(src_libwolfssl_la-pwdbased.o)
 .comment       0x0000001f       0x20 ../../src/.libs/libwolfssl.a(src_libwolfssl_la-hmac.o)

.ARM.attributes
                0x00000000       0x34
 .ARM.attributes
                0x00000000       0x32 build/main.o
 .ARM.attributes
                0x00000032       0x32 build/ivt.o
 .ARM.attributes
                0x00000064       0x32 build/syscalls.o
 .ARM.attributes
                0x00000096       0x32 build/els_stubs.o
 .ARM.attributes
                0x000000c8       0x32 build/els_stub_descriptors.o
 .ARM.attributes
                0x000000fa       0x32 ../../src/.libs/libwolfssl.a(src_libwolfssl_la-sha256.o)
 .ARM.attributes
                0x0000012c       0x32 ../../src/.libs/libwolfssl.a(src_libwolfssl_la-aes.o)
 .ARM.attributes
                0x0000015e       0x32 ../../src/.libs/libwolfssl.a(src_libwolfssl_la-cmac.o)
 .ARM.attributes
                0x00000190       0x32 ../../src/.libs/libwolfssl.a(src_libwolfssl_la-wc_port.o)
 .ARM.attributes
                0x000001c2       0x32 ../../src/.libs/libwolfssl.a(src_libwolfssl_la-memory.o)
 .ARM.attributes
                0x000001f4       0x32 ../../src/.libs/libwolfssl.a(src_libwolfssl_la-cryptocb.o)
 .ARM.attributes
                0x00000226       0x32 ../../src/.libs/libwolfssl.a(src_libwolfssl_la-els_pkc_keyblob.o)
 .ARM.attributes
                0x00000258       0x32 ../../src/.libs/libwolfssl.a(src_libwolfssl_la-els_pkc_port.o)
 .ARM.attributes
                0x0000028a       0x32 ../../src/.libs/libwolfssl.a(src_libwolfssl_la-random.o)
 .ARM.attributes
                0x000002bc       0x32 ../../src/.libs/libwolfssl.a(src_libwolfssl_la-sp_int.o)
 .ARM.attributes
                0x000002ee       0x32 ../../src/.libs/libwolfssl.a(src_libwolfssl_la-sha512.o)
 .ARM.attributes
                0x00000320       0x32 ../../src/.libs/libwolfssl.a(src_libwolfssl_la-wolfmath.o)
 .ARM.attributes
                0x00000352       0x32 ../../src/.libs/libwolfssl.a(src_libwolfssl_la-asn.o)
 .ARM.attributes
                0x00000384       0x32 ../../src/.libs/libwolfssl.a(src_libwolfssl_la-coding.o)
 .ARM.attributes
                0x000003b6       0x32 ../../src/.libs/libwolfssl.a(src_libwolfssl_la-ecc.o)
 .ARM.attributes
                0x000003e8       0x32 ../../src/.libs/libwolfssl.a(src_libwolfssl_la-hash.o)
 .ARM.attributes
                0x0000041a       0x32 ../../src/.libs/libwolfssl.a(src_libwolfssl_la-rsa.o)
 .ARM.attributes
                0x0000044c       0x32 ../../src/.libs/libwolfssl.a(src_libwolfssl_la-sha.o)
 .ARM.attributes
                0x0000047e       0x32 ../../src/.libs/libwolfssl.a(src_libwolfssl_la-sha3.o)
 .ARM.attributes
                0x000004b0       0x32 ../../src/.libs/libwolfssl.a(src_libwolfssl_la-wc_encrypt.o)
 .ARM.attributes
                0x000004e2       0x32 ../../src/.libs/libwolfssl.a(src_libwolfssl_la-pwdbased.o)
 .ARM.attributes
                0x00000514       0x32 ../../src/.libs/libwolfssl.a(src_libwolfssl_la-hmac.o)
 .ARM.attributes
                0x00000546       0x36 /home/tobi/.local/zephyr-sdk-1.0.1/gnu/arm-zephyr-eabi/bin/../lib/gcc/arm-zephyr-eabi/14.3.0/../../../../arm-zephyr-eabi/lib/thumb/v8-m.main/nofp/space/libc.a(memcpy.c.o)
 .ARM.attributes
                0x0000057c       0x36 /home/tobi/.local/zephyr-sdk-1.0.1/gnu/arm-zephyr-eabi/bin/../lib/gcc/arm-zephyr-eabi/14.3.0/../../../../arm-zephyr-eabi/lib/thumb/v8-m.main/nofp/space/libc.a(memmove.c.o)
 .ARM.attributes
                0x000005b2       0x36 /home/tobi/.local/zephyr-sdk-1.0.1/gnu/arm-zephyr-eabi/bin/../lib/gcc/arm-zephyr-eabi/14.3.0/../../../../arm-zephyr-eabi/lib/thumb/v8-m.main/nofp/space/libc.a(memset.c.o)
 .ARM.attributes
                0x000005e8       0x20 /home/tobi/.local/zephyr-sdk-1.0.1/gnu/arm-zephyr-eabi/bin/../lib/gcc/arm-zephyr-eabi/14.3.0/../../../../arm-zephyr-eabi/lib/thumb/v8-m.main/nofp/space/libc.a(strlen.S.o)
 .ARM.attributes
                0x00000608       0x36 /home/tobi/.local/zephyr-sdk-1.0.1/gnu/arm-zephyr-eabi/bin/../lib/gcc/arm-zephyr-eabi/14.3.0/../../../../arm-zephyr-eabi/lib/thumb/v8-m.main/nofp/space/libc.a(nano-free.c.o)
 .ARM.attributes
                0x0000063e       0x36 /home/tobi/.local/zephyr-sdk-1.0.1/gnu/arm-zephyr-eabi/bin/../lib/gcc/arm-zephyr-eabi/14.3.0/../../../../arm-zephyr-eabi/lib/thumb/v8-m.main/nofp/space/libc.a(nano-malloc.c.o)
 .ARM.attributes
                0x00000674       0x36 /home/tobi/.local/zephyr-sdk-1.0.1/gnu/arm-zephyr-eabi/bin/../lib/gcc/arm-zephyr-eabi/14.3.0/../../../../arm-zephyr-eabi/lib/thumb/v8-m.main/nofp/space/libc.a(nano-realloc.c.o)
 .ARM.attributes
                0x000006aa       0x36 /home/tobi/.local/zephyr-sdk-1.0.1/gnu/arm-zephyr-eabi/bin/../lib/gcc/arm-zephyr-eabi/14.3.0/../../../../arm-zephyr-eabi/lib/thumb/v8-m.main/nofp/space/libc.a(libc_errno_errno.c.o)
 .ARM.attributes
                0x000006e0       0x36 /home/tobi/.local/zephyr-sdk-1.0.1/gnu/arm-zephyr-eabi/bin/../lib/gcc/arm-zephyr-eabi/14.3.0/../../../../arm-zephyr-eabi/lib/thumb/v8-m.main/nofp/space/libc.a(libc_misc_init.c.o)
 .ARM.attributes
                0x00000716       0x36 /home/tobi/.local/zephyr-sdk-1.0.1/gnu/arm-zephyr-eabi/bin/../lib/gcc/arm-zephyr-eabi/14.3.0/../../../../arm-zephyr-eabi/lib/thumb/v8-m.main/nofp/space/libc.a(libc_misc_lock.c.o)
 .ARM.attributes
                0x0000074c       0x36 /home/tobi/.local/zephyr-sdk-1.0.1/gnu/arm-zephyr-eabi/bin/../lib/gcc/arm-zephyr-eabi/14.3.0/../../../../arm-zephyr-eabi/lib/thumb/v8-m.main/nofp/space/libc.a(libc_string_memcmp.c.o)
 .ARM.attributes
                0x00000782       0x36 /home/tobi/.local/zephyr-sdk-1.0.1/gnu/arm-zephyr-eabi/bin/../lib/gcc/arm-zephyr-eabi/14.3.0/../../../../arm-zephyr-eabi/lib/thumb/v8-m.main/nofp/space/libc.a(libc_string_strcasecmp.c.o)
 .ARM.attributes
                0x000007b8       0x36 /home/tobi/.local/zephyr-sdk-1.0.1/gnu/arm-zephyr-eabi/bin/../lib/gcc/arm-zephyr-eabi/14.3.0/../../../../arm-zephyr-eabi/lib/thumb/v8-m.main/nofp/space/libc.a(libc_string_strncmp.c.o)
 .ARM.attributes
                0x000007ee       0x36 /home/tobi/.local/zephyr-sdk-1.0.1/gnu/arm-zephyr-eabi/bin/../lib/gcc/arm-zephyr-eabi/14.3.0/../../../../arm-zephyr-eabi/lib/thumb/v8-m.main/nofp/space/libc.a(libc_time_gmtime_r.c.o)
 .ARM.attributes
                0x00000824       0x36 /home/tobi/.local/zephyr-sdk-1.0.1/gnu/arm-zephyr-eabi/bin/../lib/gcc/arm-zephyr-eabi/14.3.0/../../../../arm-zephyr-eabi/lib/thumb/v8-m.main/nofp/space/libc.a(libc_picolib_picosbrk.c.o)
 .ARM.attributes
                0x0000085a       0x20 /home/tobi/.local/zephyr-sdk-1.0.1/gnu/arm-zephyr-eabi/bin/../lib/gcc/arm-zephyr-eabi/14.3.0/../../../../arm-zephyr-eabi/lib/thumb/v8-m.main/nofp/space/libc.a(libc_picolib_machine_arm_read_tp.S.o)
 .ARM.attributes
                0x0000087a       0x36 /home/tobi/.local/zephyr-sdk-1.0.1/gnu/arm-zephyr-eabi/bin/../lib/gcc/arm-zephyr-eabi/14.3.0/../../../../arm-zephyr-eabi/lib/thumb/v8-m.main/nofp/space/libc.a(libc_picolib_machine_arm_tls.c.o)
 .ARM.attributes
                0x000008b0       0x22 /home/tobi/.local/zephyr-sdk-1.0.1/gnu/arm-zephyr-eabi/bin/../lib/gcc/arm-zephyr-eabi/14.3.0/thumb/v8-m.main/nofp/space/libgcc.a(_aeabi_ldivmod.o)
 .ARM.attributes
                0x000008d2       0x32 /home/tobi/.local/zephyr-sdk-1.0.1/gnu/arm-zephyr-eabi/bin/../lib/gcc/arm-zephyr-eabi/14.3.0/thumb/v8-m.main/nofp/space/libgcc.a(_udivmoddi4.o)
 .ARM.attributes
                0x00000904       0x22 /home/tobi/.local/zephyr-sdk-1.0.1/gnu/arm-zephyr-eabi/bin/../lib/gcc/arm-zephyr-eabi/14.3.0/thumb/v8-m.main/nofp/space/libgcc.a(_dvmd_tls.o)

.debug_frame    0x00000000      0x42c
 .debug_frame   0x00000000       0x94 build/main.o
 .debug_frame   0x00000094       0x20 build/ivt.o
 .debug_frame   0x000000b4      0x110 build/syscalls.o
 .debug_frame   0x000001c4      0x1b0 build/els_stubs.o
 .debug_frame   0x00000374       0x20 /home/tobi/.local/zephyr-sdk-1.0.1/gnu/arm-zephyr-eabi/bin/../lib/gcc/arm-zephyr-eabi/14.3.0/../../../../arm-zephyr-eabi/lib/thumb/v8-m.main/nofp/space/libc.a(strlen.S.o)
 .debug_frame   0x00000394       0x20 /home/tobi/.local/zephyr-sdk-1.0.1/gnu/arm-zephyr-eabi/bin/../lib/gcc/arm-zephyr-eabi/14.3.0/../../../../arm-zephyr-eabi/lib/thumb/v8-m.main/nofp/space/libc.a(libc_picolib_machine_arm_read_tp.S.o)
 .debug_frame   0x000003b4       0x44 /home/tobi/.local/zephyr-sdk-1.0.1/gnu/arm-zephyr-eabi/bin/../lib/gcc/arm-zephyr-eabi/14.3.0/thumb/v8-m.main/nofp/space/libgcc.a(_aeabi_ldivmod.o)
 .debug_frame   0x000003f8       0x34 /home/tobi/.local/zephyr-sdk-1.0.1/gnu/arm-zephyr-eabi/bin/../lib/gcc/arm-zephyr-eabi/14.3.0/thumb/v8-m.main/nofp/space/libgcc.a(_udivmoddi4.o)
